#-----------------------------------------------------------
# Vivado v2018.2 (64-bit)
# SW Build 2258646 on Thu Jun 14 20:03:12 MDT 2018
# IP Build 2256618 on Thu Jun 14 22:10:49 MDT 2018
# Start of session at: Thu Nov 14 12:25:47 2019
# Process ID: 3284
# Current directory: C:/Users/Jonas/Documents/School/2019-2020/Programeerbare componenten practicum/project/uart_transciever
# Command line: vivado.exe -gui_launcher_event rodinguilauncherevent13000 C:\Users\Jonas\Documents\School\2019-2020\Programeerbare componenten practicum\project\uart_transciever\uart_transciever.xpr
# Log file: C:/Users/Jonas/Documents/School/2019-2020/Programeerbare componenten practicum/project/uart_transciever/vivado.log
# Journal file: C:/Users/Jonas/Documents/School/2019-2020/Programeerbare componenten practicum/project/uart_transciever\vivado.jou
#-----------------------------------------------------------
start_gui
open_project {C:/Users/Jonas/Documents/School/2019-2020/Programeerbare componenten practicum/project/uart_transciever/uart_transciever.xpr}
close [ open {C:/Users/Jonas/Documents/School/2019-2020/Programeerbare componenten practicum/project/uart_transciever/uart_transciever.srcs/sources_1/new/UART_transmitter.v} w ]
add_files {{C:/Users/Jonas/Documents/School/2019-2020/Programeerbare componenten practicum/project/uart_transciever/uart_transciever.srcs/sources_1/new/UART_transmitter.v}}
create_fileset -simset sim_2
set_property SOURCE_SET sources_1 [get_filesets sim_2]
file mkdir {C:/Users/Jonas/Documents/School/2019-2020/Programeerbare componenten practicum/project/uart_transciever/uart_transciever.srcs/sim_2/new}
close [ open {C:/Users/Jonas/Documents/School/2019-2020/Programeerbare componenten practicum/project/uart_transciever/uart_transciever.srcs/sim_2/new/UART_transmitter_tb.v} w ]
add_files -fileset sim_2 {{C:/Users/Jonas/Documents/School/2019-2020/Programeerbare componenten practicum/project/uart_transciever/uart_transciever.srcs/sim_2/new/UART_transmitter_tb.v}}
current_fileset -simset [ get_filesets sim_2 ]
# Disabling source management mode.  This is to allow the top design properties to be set without GUI intervention.
set_property source_mgmt_mode None [current_project]
set_property top UART_transmitter_tb [get_filesets sim_2]
set_property top_lib xil_defaultlib [get_filesets sim_2]
# Re-enabling previously disabled source management mode.
set_property source_mgmt_mode DisplayOnly [current_project]
launch_simulation -simset sim_2
source UART_transmitter_tb.tcl
save_wave_config {C:/Users/Jonas/Documents/School/2019-2020/Programeerbare componenten practicum/project/uart_transciever/UART_transmitter_tb_behav.wcfg}
add_files -fileset sim_2 -norecurse {{C:/Users/Jonas/Documents/School/2019-2020/Programeerbare componenten practicum/project/uart_transciever/UART_transmitter_tb_behav.wcfg}}
set_property xsim.view {{C:/Users/Jonas/Documents/School/2019-2020/Programeerbare componenten practicum/project/uart_transciever/UART_transmitter_tb_behav.wcfg}} [get_filesets sim_2]
close_sim
