#-----------------------------------------------------------
# Webtalk v2018.2 (64-bit)
# SW Build 2258646 on Thu Jun 14 20:03:12 MDT 2018
# IP Build 2256618 on Thu Jun 14 22:10:49 MDT 2018
# Start of session at: Thu Nov 14 11:23:55 2019
# Process ID: 8672
# Current directory: C:/Users/Jonas/Documents/School/2019-2020/Programeerbare componenten practicum/project/uart_transciever/uart_transciever.sim/sim_1/behav/xsim
# Command line: wbtcv.exe -mode batch -source C:/Users/Jonas/Documents/School/2019-2020/Programeerbare componenten practicum/project/uart_transciever/uart_transciever.sim/sim_1/behav/xsim/xsim.dir/Baud_tr_tb_behav/webtalk/xsim_webtalk.tcl -notrace
# Log file: C:/Users/Jonas/Documents/School/2019-2020/Programeerbare componenten practicum/project/uart_transciever/uart_transciever.sim/sim_1/behav/xsim/webtalk.log
# Journal file: C:/Users/Jonas/Documents/School/2019-2020/Programeerbare componenten practicum/project/uart_transciever/uart_transciever.sim/sim_1/behav/xsim\webtalk.jou
#-----------------------------------------------------------
source C:/Users/Jonas/Documents/School/2019-2020/Programeerbare -notrace
